// Jest Snapshot v1, https://goo.gl/fbAQLP

exports[`<CssResetSiolon> renders as expected 1`] = `
"<style>* {
    vertical-align: baseline;
    font-family: inherit;
    font-style: inherit;
    font-size: 100%;
    border: none;
    padding: 0;
    margin: 0;
}
body {
    padding: 5px;
}
h1, h2, h3, h4, h5, h6, p, pre, blockquote, form, ul, ol, dl {
    margin: 20px 0;
}
li, dd, blockquote {
    margin-left: 40px;
}
table {
    border-collapse: collapse;
    border-spacing: 0;
}
</style>"
`;
